###############################################################################
#
# IAR ELF Linker V8.32.1.169/W32 for ARM                  24/Nov/2022  15:11:49
# Copyright 2007-2018 IAR Systems AB.
#
#    Output file  =  
#        C:\Users\jikej\Desktop\SPI代码\SX1280V1\SX1280V0\EWARM\SPIV0.0\Exe\SPIV0.0.out
#    Map file     =  
#        C:\Users\jikej\Desktop\SPI代码\SX1280V1\SX1280V0\EWARM\SPIV0.0\List\SPIV0.0.map
#    Command line =  
#        -f C:\Users\jikej\AppData\Local\Temp\EW4EAA.tmp
#        (C:\Users\jikej\Desktop\SPI代码\SX1280V1\SX1280V0\EWARM\SPIV0.0\Obj\delay.o
#        C:\Users\jikej\Desktop\SPI代码\SX1280V1\SX1280V0\EWARM\SPIV0.0\Obj\gpio.o
#        C:\Users\jikej\Desktop\SPI代码\SX1280V1\SX1280V0\EWARM\SPIV0.0\Obj\main.o
#        C:\Users\jikej\Desktop\SPI代码\SX1280V1\SX1280V0\EWARM\SPIV0.0\Obj\mode.o
#        C:\Users\jikej\Desktop\SPI代码\SX1280V1\SX1280V0\EWARM\SPIV0.0\Obj\spi.o
#        C:\Users\jikej\Desktop\SPI代码\SX1280V1\SX1280V0\EWARM\SPIV0.0\Obj\startup_stm32f030x8.o
#        C:\Users\jikej\Desktop\SPI代码\SX1280V1\SX1280V0\EWARM\SPIV0.0\Obj\stm32f0xx_hal.o
#        C:\Users\jikej\Desktop\SPI代码\SX1280V1\SX1280V0\EWARM\SPIV0.0\Obj\stm32f0xx_hal_cortex.o
#        C:\Users\jikej\Desktop\SPI代码\SX1280V1\SX1280V0\EWARM\SPIV0.0\Obj\stm32f0xx_hal_dma.o
#        C:\Users\jikej\Desktop\SPI代码\SX1280V1\SX1280V0\EWARM\SPIV0.0\Obj\stm32f0xx_hal_exti.o
#        C:\Users\jikej\Desktop\SPI代码\SX1280V1\SX1280V0\EWARM\SPIV0.0\Obj\stm32f0xx_hal_flash.o
#        C:\Users\jikej\Desktop\SPI代码\SX1280V1\SX1280V0\EWARM\SPIV0.0\Obj\stm32f0xx_hal_flash_ex.o
#        C:\Users\jikej\Desktop\SPI代码\SX1280V1\SX1280V0\EWARM\SPIV0.0\Obj\stm32f0xx_hal_gpio.o
#        C:\Users\jikej\Desktop\SPI代码\SX1280V1\SX1280V0\EWARM\SPIV0.0\Obj\stm32f0xx_hal_i2c.o
#        C:\Users\jikej\Desktop\SPI代码\SX1280V1\SX1280V0\EWARM\SPIV0.0\Obj\stm32f0xx_hal_i2c_ex.o
#        C:\Users\jikej\Desktop\SPI代码\SX1280V1\SX1280V0\EWARM\SPIV0.0\Obj\stm32f0xx_hal_msp.o
#        C:\Users\jikej\Desktop\SPI代码\SX1280V1\SX1280V0\EWARM\SPIV0.0\Obj\stm32f0xx_hal_pwr.o
#        C:\Users\jikej\Desktop\SPI代码\SX1280V1\SX1280V0\EWARM\SPIV0.0\Obj\stm32f0xx_hal_pwr_ex.o
#        C:\Users\jikej\Desktop\SPI代码\SX1280V1\SX1280V0\EWARM\SPIV0.0\Obj\stm32f0xx_hal_rcc.o
#        C:\Users\jikej\Desktop\SPI代码\SX1280V1\SX1280V0\EWARM\SPIV0.0\Obj\stm32f0xx_hal_rcc_ex.o
#        C:\Users\jikej\Desktop\SPI代码\SX1280V1\SX1280V0\EWARM\SPIV0.0\Obj\stm32f0xx_hal_spi.o
#        C:\Users\jikej\Desktop\SPI代码\SX1280V1\SX1280V0\EWARM\SPIV0.0\Obj\stm32f0xx_hal_spi_ex.o
#        C:\Users\jikej\Desktop\SPI代码\SX1280V1\SX1280V0\EWARM\SPIV0.0\Obj\stm32f0xx_hal_tim.o
#        C:\Users\jikej\Desktop\SPI代码\SX1280V1\SX1280V0\EWARM\SPIV0.0\Obj\stm32f0xx_hal_tim_ex.o
#        C:\Users\jikej\Desktop\SPI代码\SX1280V1\SX1280V0\EWARM\SPIV0.0\Obj\stm32f0xx_hal_uart.o
#        C:\Users\jikej\Desktop\SPI代码\SX1280V1\SX1280V0\EWARM\SPIV0.0\Obj\stm32f0xx_hal_uart_ex.o
#        C:\Users\jikej\Desktop\SPI代码\SX1280V1\SX1280V0\EWARM\SPIV0.0\Obj\stm32f0xx_it.o
#        C:\Users\jikej\Desktop\SPI代码\SX1280V1\SX1280V0\EWARM\SPIV0.0\Obj\sx1280.o
#        C:\Users\jikej\Desktop\SPI代码\SX1280V1\SX1280V0\EWARM\SPIV0.0\Obj\sx1280_hal.o
#        C:\Users\jikej\Desktop\SPI代码\SX1280V1\SX1280V0\EWARM\SPIV0.0\Obj\system_stm32f0xx.o
#        C:\Users\jikej\Desktop\SPI代码\SX1280V1\SX1280V0\EWARM\SPIV0.0\Obj\tim.o
#        C:\Users\jikej\Desktop\SPI代码\SX1280V1\SX1280V0\EWARM\SPIV0.0\Obj\usart.o
#        --redirect _Printf=_PrintfFull --redirect _Scanf=_ScanfFull
#        --no_out_extension -o
#        C:\Users\jikej\Desktop\SPI代码\SX1280V1\SX1280V0\EWARM\SPIV0.0\Exe\SPIV0.0.out
#        --map
#        C:\Users\jikej\Desktop\SPI代码\SX1280V1\SX1280V0\EWARM\SPIV0.0\List\SPIV0.0.map
#        --config
#        C:\Users\jikej\Desktop\SPI代码\SX1280V1\SX1280V0\EWARM/stm32f030x8_flash.icf
#        --semihosting --entry __iar_program_start --vfe --text_out locale)
#
###############################################################################

*******************************************************************************
*** RUNTIME MODEL ATTRIBUTES
***

CppFlavor       = *
__SystemLibrary = DLib
__dlib_version  = 6


*******************************************************************************
*** HEAP SELECTION
***

The basic heap was selected because no calls to memory allocation
functions were found in the application outside of system library
functions, and there are calls to deallocation functions in the
application.


*******************************************************************************
*** PLACEMENT SUMMARY
***

"A0":  place at 0x800'0000 { ro section .intvec };
"P1":  place in [from 0x800'0000 to 0x800'ffff] { ro };
define block CSTACK with size = 1K, alignment = 8 { };
define block HEAP with size = 512, alignment = 8 { };
"P2":  place in [from 0x2000'0000 to 0x2000'1fff] {
          rw, block CSTACK, block HEAP };
initialize by copy { rw };

  Section            Kind         Address    Size  Object
  -------            ----         -------    ----  ------
"A0":                                        0xb4
  .intvec            ro code   0x800'0000    0xb4  startup_stm32f030x8.o [1]
                             - 0x800'00b4    0xb4

"P1":                                      0x5cd5
  .text              ro code   0x800'00b4   0xff2  xprintffull.o [2]
  .text              ro code   0x800'10a6    0x7e  lz77_init_single.o [4]
  .text              ro code   0x800'1124    0x8c  xlocale_c.o [2]
  .text              ro code   0x800'11b0    0x12  strchr.o [4]
  .text              ro code   0x800'11c2     0x2  startup_stm32f030x8.o [1]
  .text              ro code   0x800'11c4    0x48  xfail_s.o [2]
  .text              ro code   0x800'120c     0xe  strlen.o [4]
  .text              ro code   0x800'121a     0x2  startup_stm32f030x8.o [1]
  .text              ro code   0x800'121c    0x16  memchr.o [4]
  .text              ro code   0x800'1232     0xa  xmbcurmax.o [2]
  .text              ro code   0x800'123c    0x4e  ABImemcpy.o [4]
  .text              ro code   0x800'128a    0x6a  I64DivMod.o [4]
  .text              ro code   0x800'12f4   0x184  DblMul.o [3]
  .text              ro code   0x800'1478    0x32  DblCmpLe.o [3]
  .text              ro code   0x800'14aa    0x32  DblCmpGe.o [3]
  .text              ro code   0x800'14dc    0x52  DblToI32.o [3]
  .text              ro code   0x800'152e     0x2  startup_stm32f030x8.o [1]
  .text              ro code   0x800'1530    0x34  IxxToDbl.o [3]
  .text              ro code   0x800'1564   0x1b4  DblAddSub.o [3]
  .text              ro code   0x800'1718    0x5e  I32DivMod.o [4]
  .text              ro code   0x800'1776    0xc2  DblDiv.o [3]
  .text              ro code   0x800'1838     0xa  abort.o [2]
  .text              ro code   0x800'1842     0x2  startup_stm32f030x8.o [1]
  .text              ro code   0x800'1844     0x2  I64DivZer.o [4]
  .text              ro code   0x800'1846     0x2  startup_stm32f030x8.o [1]
  .text              ro code   0x800'1848     0x2  IntDivZer.o [4]
  .text              ro code   0x800'184a     0x2  startup_stm32f030x8.o [1]
  .text              ro code   0x800'184c    0x14  exit.o [5]
  .text              ro code   0x800'1860   0xd64  sx1280.o [1]
  .text              ro code   0x800'25c4   0x276  sx1280_hal.o [1]
  .text              ro code   0x800'283a     0x2  startup_stm32f030x8.o [1]
  .text              ro code   0x800'283c   0x75c  pow64.o [3]
  .text              ro code   0x800'2f98    0x10  ABImemset_small.o [4]
  .text              ro code   0x800'2fa8   0x8fc  stm32f0xx_hal_spi.o [1]
  .text              ro code   0x800'38a4   0x1b4  stm32f0xx_hal_gpio.o [1]
  .text              ro code   0x800'3a58    0x28  stm32f0xx_hal.o [1]
  .text              ro code   0x800'3a80    0x24  DblCmpEq.o [3]
  .text              ro code   0x800'3aa4   0x3bc  iar_Exp64.o [3]
  .text              ro code   0x800'3e60    0xb4  spi.o [1]
  .text              ro code   0x800'3f14     0xc  stm32f0xx_hal.o [1]
  .text              ro code   0x800'3f20   0x21c  main.o [1]
  .text              ro code   0x800'413c    0x20  stm32f0xx_hal.o [1]
  .text              ro code   0x800'415c    0xbc  gpio.o [1]
  .text              ro code   0x800'4218    0xac  usart.o [1]
  .text              ro code   0x800'42c4    0x64  tim.o [1]
  .text              ro code   0x800'4328    0xd8  mode.o [1]
  .text              ro code   0x800'4400    0x28  printf.o [2]
  .text              ro code   0x800'4428   0x554  stm32f0xx_hal_rcc.o [1]
  .text              ro code   0x800'497c    0xfc  stm32f0xx_hal_rcc_ex.o [1]
  .text              ro code   0x800'4a78   0x7e4  stm32f0xx_hal_uart.o [1]
  .text              ro code   0x800'525c    0x44  stm32f0xx_hal.o [1]
  .text              ro code   0x800'52a0    0x30  stm32f0xx_hal_msp.o [1]
  .text              ro code   0x800'52d0    0x8c  stm32f0xx_hal_cortex.o [1]
  .text              ro code   0x800'535c   0x238  stm32f0xx_hal_tim.o [1]
  .text              ro code   0x800'5594    0x8a  stm32f0xx_hal_dma.o [1]
  .text              ro code   0x800'561e     0x2  stm32f0xx_hal_uart.o [1]
  .text              ro code   0x800'5620     0x2  stm32f0xx_hal_uart.o [1]
  .text              ro code   0x800'5622     0x2  stm32f0xx_hal_uart.o [1]
  .text              ro code   0x800'5624     0x2  stm32f0xx_hal_tim.o [1]
  .text              ro code   0x800'5626     0x2  stm32f0xx_hal_tim.o [1]
  .text              ro code   0x800'5628     0x2  stm32f0xx_hal_tim.o [1]
  .text              ro code   0x800'562a     0x2  stm32f0xx_hal_tim_ex.o [1]
  .text              ro code   0x800'562c     0x2  stm32f0xx_hal_tim.o [1]
  .text              ro code   0x800'562e     0x2  stm32f0xx_hal_tim_ex.o [1]
  .text              ro code   0x800'5630    0x3c  zero_init3.o [4]
  .rodata            const     0x800'5670   0x420  pow64.o [3]
  .rodata            const     0x800'5a90   0x11c  sx1280_hal.o [1]
  .text              ro code   0x800'5bac    0x2c  stm32f0xx_it.o [1]
  .text              ro code   0x800'5bd8    0x10  stm32f0xx_hal.o [1]
  .text              ro code   0x800'5be8    0x28  data_init.o [4]
  .iar.init_table    const     0x800'5c10    0x20  - Linker created -
  .text              ro code   0x800'5c30    0x1e  cmain.o [4]
  .text              ro code   0x800'5c4e     0x4  low_level_init.o [2]
  .text              ro code   0x800'5c52     0x8  exit.o [2]
  .text              ro code   0x800'5c5a     0x2  startup_stm32f030x8.o [1]
  .text              ro code   0x800'5c5c     0xa  cexit.o [4]
  .text              ro code   0x800'5c66    0x1c  xencoding_8859_1.o [2]
  .text              ro code   0x800'5c82    0x16  xprout.o [2]
  .text              ro code   0x800'5c98    0x10  putchar.o [2]
  .text              ro code   0x800'5ca8    0x14  system_stm32f0xx.o [1]
  .rodata            const     0x800'5cbc    0x10  xprintffull.o [2]
  .text              ro code   0x800'5ccc    0x10  startup_stm32f030x8.o [1]
  .text              ro code   0x800'5cdc     0xc  cstartup_M.o [4]
  .rodata            const     0x800'5ce8     0x8  system_stm32f0xx.o [1]
  .rodata            const     0x800'5cf0     0x6  xlocale_c.o [2]
  .text              ro code   0x800'5cf6     0x2  startup_stm32f030x8.o [1]
  .text              ro code   0x800'5cf8     0x2  startup_stm32f030x8.o [1]
  .text              ro code   0x800'5cfa     0x2  startup_stm32f030x8.o [1]
  .text              ro code   0x800'5cfc     0x2  startup_stm32f030x8.o [1]
  .text              ro code   0x800'5cfe     0x2  startup_stm32f030x8.o [1]
  .text              ro code   0x800'5d00     0x2  startup_stm32f030x8.o [1]
  .text              ro code   0x800'5d02     0x2  startup_stm32f030x8.o [1]
  .text              ro code   0x800'5d04     0x2  startup_stm32f030x8.o [1]
  .text              ro code   0x800'5d06     0x2  startup_stm32f030x8.o [1]
  .text              ro code   0x800'5d08     0x2  startup_stm32f030x8.o [1]
  .text              ro code   0x800'5d0a     0x2  startup_stm32f030x8.o [1]
  .text              ro code   0x800'5d0c     0x2  startup_stm32f030x8.o [1]
  .text              ro code   0x800'5d0e     0x2  startup_stm32f030x8.o [1]
  .text              ro code   0x800'5d10     0x2  startup_stm32f030x8.o [1]
  .text              ro code   0x800'5d12     0x2  startup_stm32f030x8.o [1]
  .rodata            const     0x800'5d14     0x0  zero_init3.o [4]
  .rodata            const     0x800'5d14     0x0  lz77_init_single.o [4]
  Initializer bytes  const     0x800'5d14    0x75  <for P2-1>
                             - 0x800'5d89  0x5cd5

"P2", part 1 of 3:                          0x134
  P2-1                        0x2000'0000   0x134  <Init block>
    .data            inited   0x2000'0000    0x4c  main.o [1]
    .data            inited   0x2000'004c     0xc  stm32f0xx_hal.o [1]
    .data            inited   0x2000'0058    0x10  sx1280.o [1]
    .data            inited   0x2000'0068     0x4  system_stm32f0xx.o [1]
    .data            inited   0x2000'006c    0x38  xlocale_c.o [2]
    .data            inited   0x2000'00a4    0x48  xlocale_c.o [2]
    .data            inited   0x2000'00ec    0x48  xfiles.o [2]
                            - 0x2000'0134   0x134

"P2", part 2 of 3:                          0x3b0
  .bss               zero     0x2000'0134   0x200  sx1280_hal.o [1]
  .bss               zero     0x2000'0334    0x84  usart.o [1]
  .bss               zero     0x2000'03b8    0x64  spi.o [1]
  .bss               zero     0x2000'041c    0x50  xfiles.o [2]
  .bss               zero     0x2000'046c    0x48  tim.o [1]
  .bss               zero     0x2000'04b4    0x18  mode.o [1]
  .bss               zero     0x2000'04cc    0x10  mode.o [1]
  .bss               zero     0x2000'04dc     0x4  stm32f0xx_it.o [1]
  .bss               zero     0x2000'04e0     0x4  xfail_s.o [2]
                            - 0x2000'04e4   0x3b0

"P2", part 3 of 3:                          0x400
  CSTACK                      0x2000'04e8   0x400  <Block>
    CSTACK           uninit   0x2000'04e8   0x400  <Block tail>
                            - 0x2000'08e8   0x400

Unused ranges:

         From           To    Size
         ----           --    ----
   0x800'5d89   0x800'ffff  0xa277
  0x2000'04e4  0x2000'04e7     0x4
  0x2000'08e8  0x2000'1fff  0x1718


*******************************************************************************
*** INIT TABLE
***

          Address      Size
          -------      ----
Zero (__iar_zero_init3)
    1 destination range, total size 0x3b0:
          0x2000'0134  0x3b0

Copy/lz77 (__iar_lz77_init_single3)
    1 source range, total size 0x75 (37% of destination):
           0x800'5d14   0x75
    1 destination range, total size 0x134:
          0x2000'0000  0x134



*******************************************************************************
*** MODULE SUMMARY
***

    Module                  ro code  ro data  rw data
    ------                  -------  -------  -------
command line/config:
    -------------------------------------------------
    Total:

C:\Users\jikej\Desktop\SPI代码\SX1280V1\SX1280V0\EWARM\SPIV0.0\Obj: [1]
    gpio.o                      188
    main.o                      540       28       76
    mode.o                      216                40
    spi.o                       180               100
    startup_stm32f030x8.o       242
    stm32f0xx_hal.o             168        5       12
    stm32f0xx_hal_cortex.o      140
    stm32f0xx_hal_dma.o         138
    stm32f0xx_hal_gpio.o        436
    stm32f0xx_hal_msp.o          48
    stm32f0xx_hal_rcc.o       1 364
    stm32f0xx_hal_rcc_ex.o      252
    stm32f0xx_hal_spi.o       2 300
    stm32f0xx_hal_tim.o         576
    stm32f0xx_hal_tim_ex.o        4
    stm32f0xx_hal_uart.o      2 026
    stm32f0xx_it.o               44                 4
    sx1280.o                  3 428        6       16
    sx1280_hal.o                630      284      512
    system_stm32f0xx.o           20       10        4
    tim.o                       100                72
    usart.o                     172               132
    -------------------------------------------------
    Total:                   13 212      333      968

dl6M_tlf.a: [2]
    abort.o                      10
    exit.o                        8
    low_level_init.o              4
    printf.o                     40
    putchar.o                    16
    xencoding_8859_1.o           28
    xfail_s.o                    72                 4
    xfiles.o                              28      152
    xlocale_c.o                 140       54      128
    xmbcurmax.o                  10
    xprintffull.o             4 082       16
    xprout.o                     22
    -------------------------------------------------
    Total:                    4 432       98      284

m6M_tl.a: [3]
    DblAddSub.o                 436
    DblCmpEq.o                   36
    DblCmpGe.o                   50
    DblCmpLe.o                   50
    DblDiv.o                    194
    DblMul.o                    388
    DblToI32.o                   82
    IxxToDbl.o                   52
    iar_Exp64.o                 956
    pow64.o                   1 884    1 056
    -------------------------------------------------
    Total:                    4 128    1 056

rt6M_tl.a: [4]
    ABImemcpy.o                  78
    ABImemset_small.o            16
    I32DivMod.o                  94
    I64DivMod.o                 106
    I64DivZer.o                   2
    IntDivZer.o                   2
    cexit.o                      10
    cmain.o                      30
    cstartup_M.o                 12
    data_init.o                  40
    lz77_init_single.o          126
    memchr.o                     22
    strchr.o                     18
    strlen.o                     14
    zero_init3.o                 60
    -------------------------------------------------
    Total:                      630

shb_l.a: [5]
    exit.o                       20
    -------------------------------------------------
    Total:                       20

    Gaps                                   4
    Linker created                        32    1 024
-----------------------------------------------------
    Grand Total:             22 422    1 523    2 276


*******************************************************************************
*** ENTRY LIST
***

Entry                       Address   Size  Type      Object
-----                       -------   ----  ----      ------
.iar.init_table$$Base    0x800'5c10          --   Gb  - Linker created -
.iar.init_table$$Limit   0x800'5c30          --   Gb  - Linker created -
?main                    0x800'5c31         Code  Gb  cmain.o [4]
AHBPrescTable            0x800'5cac   0x10  Data  Gb  system_stm32f0xx.o [1]
APBPrescTable            0x800'5ce8    0x8  Data  Gb  system_stm32f0xx.o [1]
AppState                0x2000'0006    0x1  Data  Gb  main.o [1]
Buffer                  0x2000'0038   0x14  Data  Gb  main.o [1]
BufferSize              0x2000'0005    0x1  Data  Gb  main.o [1]
CSTACK$$Base            0x2000'04e8          --   Gb  - Linker created -
CSTACK$$Limit           0x2000'08e8          --   Gb  - Linker created -
CacheMore                0x800'1129   0x28  Code  Lc  xlocale_c.o [2]
Callbacks               0x2000'0014   0x24  Data  Gb  main.o [1]
DioIrq                  0x2000'0064    0x4  Data  Gb  sx1280.o [1]
Error_Handler            0x800'4129    0x4  Code  Gb  main.o [1]
FLRC_SetParams           0x800'4385   0x32  Code  Gb  mode.o [1]
GFSK_SetParams           0x800'4355   0x30  Code  Gb  mode.o [1]
HAL_DMA_Abort            0x800'5595   0x42  Code  Gb  stm32f0xx_hal_dma.o [1]
HAL_DMA_Abort_IT         0x800'55d7   0x48  Code  Gb  stm32f0xx_hal_dma.o [1]
HAL_Delay                0x800'3a59   0x28  Code  Wk  stm32f0xx_hal.o [1]
HAL_GPIO_Init            0x800'38a5  0x174  Code  Gb  stm32f0xx_hal_gpio.o [1]
HAL_GPIO_ReadPin         0x800'3a19    0xc  Code  Gb  stm32f0xx_hal_gpio.o [1]
HAL_GPIO_TogglePin       0x800'3a31   0x10  Code  Gb  stm32f0xx_hal_gpio.o [1]
HAL_GPIO_WritePin        0x800'3a25    0xc  Code  Gb  stm32f0xx_hal_gpio.o [1]
HAL_GetTick              0x800'3f15    0xc  Code  Wk  stm32f0xx_hal.o [1]
HAL_IncTick              0x800'5bd9   0x10  Code  Wk  stm32f0xx_hal.o [1]
HAL_Init                 0x800'413d   0x1a  Code  Gb  stm32f0xx_hal.o [1]
HAL_InitTick             0x800'525d   0x44  Code  Wk  stm32f0xx_hal.o [1]
HAL_MspInit              0x800'52a1   0x30  Code  Gb  stm32f0xx_hal_msp.o [1]
HAL_NVIC_EnableIRQ       0x800'5313   0x12  Code  Gb  stm32f0xx_hal_cortex.o [1]
HAL_NVIC_SetPriority     0x800'530b    0x8  Code  Gb  stm32f0xx_hal_cortex.o [1]
HAL_RCCEx_PeriphCLKConfig
                         0x800'497d   0xe4  Code  Gb  stm32f0xx_hal_rcc_ex.o [1]
HAL_RCC_ClockConfig      0x800'47d9   0xfc  Code  Gb  stm32f0xx_hal_rcc.o [1]
HAL_RCC_GetPCLK1Freq     0x800'490f   0x14  Code  Gb  stm32f0xx_hal_rcc.o [1]
HAL_RCC_GetSysClockFreq
                         0x800'48d5   0x3a  Code  Gb  stm32f0xx_hal_rcc.o [1]
HAL_RCC_GetSysClockFreq::aPLLMULFactorTable
                         0x800'495c   0x10  Data  Lc  stm32f0xx_hal_rcc.o [1]
HAL_RCC_GetSysClockFreq::aPredivFactorTable
                         0x800'496c   0x10  Data  Lc  stm32f0xx_hal_rcc.o [1]
HAL_RCC_OscConfig        0x800'4429  0x3a2  Code  Gb  stm32f0xx_hal_rcc.o [1]
HAL_SPI_Init             0x800'2fa9  0x136  Code  Gb  stm32f0xx_hal_spi.o [1]
HAL_SPI_MspInit          0x800'3ea9   0x5a  Code  Gb  spi.o [1]
HAL_SPI_Transmit         0x800'30df  0x1e4  Code  Gb  stm32f0xx_hal_spi.o [1]
HAL_SPI_TransmitReceive
                         0x800'32d1  0x3b8  Code  Gb  stm32f0xx_hal_spi.o [1]
HAL_SYSTICK_Config       0x800'5325   0x28  Code  Gb  stm32f0xx_hal_cortex.o [1]
HAL_TIMEx_BreakCallback
                         0x800'562b    0x2  Code  Wk  stm32f0xx_hal_tim_ex.o [1]
HAL_TIMEx_CommutCallback
                         0x800'562f    0x2  Code  Wk  stm32f0xx_hal_tim_ex.o [1]
HAL_TIM_Base_Init        0x800'535d   0x1e  Code  Gb  stm32f0xx_hal_tim.o [1]
HAL_TIM_Base_MspInit     0x800'42eb   0x30  Code  Gb  tim.o [1]
HAL_TIM_IRQHandler       0x800'53b7  0x152  Code  Gb  stm32f0xx_hal_tim.o [1]
HAL_TIM_PeriodElapsedCallback
                         0x800'4061   0x54  Code  Gb  main.o [1]
HAL_UART_IRQHandler      0x800'4bdf  0x298  Code  Gb  stm32f0xx_hal_uart.o [1]
HAL_UART_Init            0x800'4a79   0x56  Code  Gb  stm32f0xx_hal_uart.o [1]
HAL_UART_MspInit         0x800'4249   0x70  Code  Gb  usart.o [1]
HAL_UART_Transmit        0x800'4ae5   0xfa  Code  Gb  stm32f0xx_hal_uart.o [1]
HardFault_Handler        0x800'5baf    0x2  Code  Gb  stm32f0xx_it.o [1]
IrqState                0x2000'005c    0x1  Data  Lc  sx1280.o [1]
LORA_SetParams           0x800'4329   0x2c  Code  Gb  mode.o [1]
LoRaBandwidth           0x2000'005a    0x1  Data  Lc  sx1280.o [1]
LoadInt                  0x800'02a1   0x74  Code  Lc  xprintffull.o [2]
MX_GPIO_Init             0x800'415d   0xae  Code  Gb  gpio.o [1]
MX_SPI2_Init             0x800'3e61   0x48  Code  Gb  spi.o [1]
MX_TIM6_Init             0x800'42c5   0x26  Code  Gb  tim.o [1]
MX_USART1_UART_Init      0x800'4219   0x30  Code  Gb  usart.o [1]
NMI_Handler              0x800'5bad    0x2  Code  Gb  stm32f0xx_it.o [1]
OnRxDone                 0x800'40c3    0xe  Code  Gb  main.o [1]
OnRxError                0x800'40ed    0xe  Code  Gb  main.o [1]
OnRxTimeout              0x800'40df    0xe  Code  Gb  main.o [1]
OnTxDone                 0x800'40b5    0xe  Code  Gb  main.o [1]
OnTxTimeout              0x800'40d1    0xe  Code  Gb  main.o [1]
OperatingMode           0x2000'0058    0x1  Data  Lc  sx1280.o [1]
PackMode                0x2000'0010    0x4  Data  Gb  main.o [1]
PacketType              0x2000'0059    0x1  Data  Lc  sx1280.o [1]
PendSV_Handler           0x800'5bb3    0x2  Code  Gb  stm32f0xx_it.o [1]
PollingMode             0x2000'005b    0x1  Data  Lc  sx1280.o [1]
Radio                    0x800'5a90  0x11c  Data  Gb  sx1280_hal.o [1]
RadioCallbacks          0x2000'0060    0x4  Data  Gb  sx1280.o [1]
Region$$Table$$Base      0x800'5c10          --   Gb  - Linker created -
Region$$Table$$Limit     0x800'5c30          --   Gb  - Linker created -
RxIrqMask               0x2000'0008    0x2  Data  Gb  main.o [1]
SPI_EndRxTxTransaction   0x800'384f   0x4c  Code  Lc  stm32f0xx_hal_spi.o [1]
SPI_WaitFifoStateUntilTimeout
                         0x800'375b   0xf2  Code  Lc  stm32f0xx_hal_spi.o [1]
SPI_WaitFlagStateUntilTimeout
                         0x800'3695   0xc6  Code  Lc  stm32f0xx_hal_spi.o [1]
SVC_Handler              0x800'5bb1    0x2  Code  Gb  stm32f0xx_it.o [1]
SX1280Calibrate          0x800'1f11   0x1a  Code  Gb  sx1280.o [1]
SX1280ClearIrqStatus     0x800'1f01   0x10  Code  Gb  sx1280.o [1]
SX1280DisableManualGain
                         0x800'20e7   0x20  Code  Gb  sx1280.o [1]
SX1280EnableManualGain   0x800'20c5   0x22  Code  Gb  sx1280.o [1]
SX1280GetFirmwareVersion
                         0x800'1895   0x1c  Code  Gb  sx1280.o [1]
SX1280GetFrequencyError
                         0x800'236b   0x70  Code  Gb  sx1280.o [1]
SX1280GetIrqStatus       0x800'1ee9   0x18  Code  Gb  sx1280.o [1]
SX1280GetLoRaBandwidth   0x800'23f5   0x26  Code  Gb  sx1280.o [1]
SX1280GetOpMode          0x800'18cd    0x6  Code  Gb  sx1280.o [1]
SX1280GetPacketStatus    0x800'1c09  0x28e  Code  Gb  sx1280.o [1]
SX1280GetPacketType      0x800'1a19    0x6  Code  Gb  sx1280.o [1]
SX1280GetPayload         0x800'1f8b   0x28  Code  Gb  sx1280.o [1]
SX1280GetRangingPowerDeltaThresholdIndicator
                         0x800'2299   0x34  Code  Gb  sx1280.o [1]
SX1280GetRangingResult   0x800'21d1   0xc0  Code  Gb  sx1280.o [1]
SX1280GetRssiInst        0x800'1ea5   0x1c  Code  Gb  sx1280.o [1]
SX1280GetRxBufferStatus
                         0x800'1bbd   0x3e  Code  Gb  sx1280.o [1]
SX1280GetStatus          0x800'18b1   0x1c  Code  Gb  sx1280.o [1]
SX1280HalGetDioStatus    0x800'2819   0x22  Code  Gb  sx1280_hal.o [1]
SX1280HalInit            0x800'25fd    0x8  Code  Gb  sx1280_hal.o [1]
SX1280HalReadBuffer      0x800'27bb   0x4a  Code  Gb  sx1280_hal.o [1]
SX1280HalReadCommand     0x800'2675   0x4c  Code  Gb  sx1280_hal.o [1]
SX1280HalReadRegister    0x800'2769   0x10  Code  Gb  sx1280_hal.o [1]
SX1280HalReadRegisters   0x800'26fd   0x52  Code  Gb  sx1280_hal.o [1]
SX1280HalReset           0x800'2605   0x2c  Code  Gb  sx1280_hal.o [1]
SX1280HalWaitOnBusy      0x800'25e9   0x14  Code  Gb  sx1280_hal.o [1]
SX1280HalWriteBuffer     0x800'2779   0x2a  Code  Gb  sx1280_hal.o [1]
SX1280HalWriteCommand    0x800'2631   0x44  Code  Gb  sx1280_hal.o [1]
SX1280HalWriteRegister   0x800'26f1    0xc  Code  Gb  sx1280_hal.o [1]
SX1280HalWriteRegisters
                         0x800'26c1   0x30  Code  Gb  sx1280_hal.o [1]
SX1280Init               0x800'1879   0x10  Code  Gb  sx1280.o [1]
SX1280OnDioIrq           0x800'2429   0x14  Code  Gb  sx1280.o [1]
SX1280ProcessIrqs        0x800'2459  0x134  Code  Gb  sx1280.o [1]
SX1280RangingClearFilterResult
                         0x800'22f5   0x1a  Code  Gb  sx1280.o [1]
SX1280RangingSetFilterNumSamples
                         0x800'2317   0x12  Code  Gb  sx1280.o [1]
SX1280SendPayload        0x800'1fb3   0x16  Code  Gb  sx1280.o [1]
SX1280SetAutoFS          0x800'1f69    0xa  Code  Gb  sx1280.o [1]
SX1280SetAutoTx          0x800'1f43   0x12  Code  Gb  sx1280.o [1]
SX1280SetBleAccessAddress
                         0x800'2059   0x28  Code  Gb  sx1280.o [1]
SX1280SetBleAdvertizerAccessAddress
                         0x800'2081    0xa  Code  Gb  sx1280.o [1]
SX1280SetBufferBaseAddresses
                         0x800'1a8f   0x10  Code  Gb  sx1280.o [1]
SX1280SetCad             0x800'19dd    0xe  Code  Gb  sx1280.o [1]
SX1280SetCadParams       0x800'1a7b    0xc  Code  Gb  sx1280.o [1]
SX1280SetCrcPolynomial   0x800'208b   0x20  Code  Gb  sx1280.o [1]
SX1280SetCrcSeed         0x800'2039   0x20  Code  Gb  sx1280.o [1]
SX1280SetDeviceRangingAddress
                         0x800'2177   0x24  Code  Gb  sx1280.o [1]
SX1280SetDioIrqParams    0x800'1ec1   0x28  Code  Gb  sx1280.o [1]
SX1280SetFs              0x800'1935   0x10  Code  Gb  sx1280.o [1]
SX1280SetInterruptMode   0x800'241b    0x8  Code  Gb  sx1280.o [1]
SX1280SetLNAGainSetting
                         0x800'2127   0x2a  Code  Gb  sx1280.o [1]
SX1280SetLongPreamble    0x800'1f73    0xa  Code  Gb  sx1280.o [1]
SX1280SetManualGainValue
                         0x800'210f   0x18  Code  Gb  sx1280.o [1]
SX1280SetModulationParams
                         0x800'1a9f   0x76  Code  Gb  sx1280.o [1]
SX1280SetPacketParams    0x800'1b19   0xa4  Code  Gb  sx1280.o [1]
SX1280SetPacketType      0x800'1a07   0x12  Code  Gb  sx1280.o [1]
SX1280SetPayload         0x800'1f7d    0xe  Code  Gb  sx1280.o [1]
SX1280SetPollingMode     0x800'23db    0x8  Code  Gb  sx1280.o [1]
SX1280SetRangingCalibration
                         0x800'22cd   0x1e  Code  Gb  sx1280.o [1]
SX1280SetRangingIdLength
                         0x800'2151   0x26  Code  Gb  sx1280.o [1]
SX1280SetRangingRequestAddress
                         0x800'219b   0x24  Code  Gb  sx1280.o [1]
SX1280SetRangingRole     0x800'235d    0xc  Code  Gb  sx1280.o [1]
SX1280SetRegistersDefault
                         0x800'1889    0xc  Code  Gb  sx1280.o [1]
SX1280SetRegulatorMode   0x800'1f2b    0xa  Code  Gb  sx1280.o [1]
SX1280SetRfFrequency     0x800'1a1f   0x4a  Code  Gb  sx1280.o [1]
SX1280SetRx              0x800'197f   0x3a  Code  Gb  sx1280.o [1]
SX1280SetRxDutyCycle     0x800'19b9   0x24  Code  Gb  sx1280.o [1]
SX1280SetSaveContext     0x800'1f35    0xe  Code  Gb  sx1280.o [1]
SX1280SetSleep           0x800'18d3   0x46  Code  Gb  sx1280.o [1]
SX1280SetStandby         0x800'1919   0x1c  Code  Gb  sx1280.o [1]
SX1280SetSyncWord        0x800'1fc9   0x58  Code  Gb  sx1280.o [1]
SX1280SetSyncWordErrorTolerance
                         0x800'2021   0x18  Code  Gb  sx1280.o [1]
SX1280SetTx              0x800'1945   0x3a  Code  Gb  sx1280.o [1]
SX1280SetTxContinuousPreamble
                         0x800'19f9    0xe  Code  Gb  sx1280.o [1]
SX1280SetTxContinuousWave
                         0x800'19eb    0xe  Code  Gb  sx1280.o [1]
SX1280SetTxParams        0x800'1a69   0x12  Code  Gb  sx1280.o [1]
SX1280SetWhiteningSeed   0x800'20ab   0x1a  Code  Gb  sx1280.o [1]
SX1280StopAutoTx         0x800'1f55    0xc  Code  Gb  sx1280.o [1]
SX1280_Init              0x800'43b7   0x3a  Code  Gb  mode.o [1]
SX1280complement2        0x800'1861   0x18  Code  Lc  sx1280.o [1]
Senddata                0x2000'000c    0x4  Data  Gb  main.o [1]
SpiIn                    0x800'25d9   0x10  Code  Gb  sx1280_hal.o [1]
SpiInOut                 0x800'25c5   0x14  Code  Gb  sx1280_hal.o [1]
SysTick_Handler          0x800'5bb5    0x8  Code  Gb  stm32f0xx_it.o [1]
SystemClock_Config       0x800'3fed   0x74  Code  Gb  main.o [1]
SystemCoreClock         0x2000'0068    0x4  Data  Gb  system_stm32f0xx.o [1]
SystemInit               0x800'5ca9    0x2  Code  Gb  system_stm32f0xx.o [1]
TIM6_IRQHandler          0x800'5bbd    0xa  Code  Gb  stm32f0xx_it.o [1]
TIM_Base_SetConfig       0x800'5509   0x70  Code  Gb  stm32f0xx_hal_tim.o [1]
TickCounter             0x2000'04dc    0x4  Data  Gb  stm32f0xx_it.o [1]
TxIrqMask               0x2000'000a    0x2  Data  Gb  main.o [1]
Tx_Msg                  0x2000'0000    0x4  Data  Gb  main.o [1]
UART_AdvFeatureConfig    0x800'4f97   0xc8  Code  Gb  stm32f0xx_hal_uart.o [1]
UART_CheckIdleState      0x800'5065   0x60  Code  Gb  stm32f0xx_hal_uart.o [1]
UART_DMAAbortOnError     0x800'5249   0x14  Code  Lc  stm32f0xx_hal_uart.o [1]
UART_EndRxTransfer       0x800'51dd   0x5c  Code  Lc  stm32f0xx_hal_uart.o [1]
UART_SetConfig           0x800'4e8d  0x10a  Code  Gb  stm32f0xx_hal_uart.o [1]
UART_WaitOnFlagUntilTimeout
                         0x800'50d9   0xda  Code  Gb  stm32f0xx_hal_uart.o [1]
USART1_IRQHandler        0x800'5bc7    0xa  Code  Gb  stm32f0xx_it.o [1]
_Encoding_8859_1_Mbrlen
                         0x800'5c77    0x2  Code  Gb  xencoding_8859_1.o [2]
_Encoding_8859_1_Wctomb
                         0x800'5c67   0x10  Code  Gb  xencoding_8859_1.o [2]
_GenldFull               0x800'0df5  0x27c  Code  Lc  xprintffull.o [2]
_LdtobFull               0x800'0989  0x456  Code  Lc  xprintffull.o [2]
_LitobFull               0x800'0819  0x120  Code  Lc  xprintffull.o [2]
_Locale_lconv           0x2000'006c   0x38  Data  Lc  xlocale_c.o [2]
_PrintfFull              0x800'00b5  0x1d8  Code  Gb  xprintffull.o [2]
_Prout                   0x800'5c83   0x16  Code  Gb  xprout.o [2]
_PutcharsFull            0x800'1071   0x34  Code  Lc  xprintffull.o [2]
_PutfldFull              0x800'0315  0x2cc  Code  Lc  xprintffull.o [2]
_PutstrFull              0x800'074d   0xc4  Code  Lc  xprintffull.o [2]
_PuttxtFull              0x800'0649  0x102  Code  Lc  xprintffull.o [2]
__ICFEDIT_region_RAM_end__ {Abs}
                        0x2000'1fff         Data  Gb  <internal module>
__ICFEDIT_region_RAM_start__ {Abs}
                        0x2000'0000         Data  Gb  <internal module>
__NVIC_SetPriority       0x800'52d1   0x3a  Code  Lc  stm32f0xx_hal_cortex.o [1]
__aeabi_cdcmpeq          0x800'3a81         Code  Gb  DblCmpEq.o [3]
__aeabi_cdcmple          0x800'1479         Code  Gb  DblCmpLe.o [3]
__aeabi_cdrcmple         0x800'14ab         Code  Gb  DblCmpGe.o [3]
__aeabi_d2iz             0x800'14dd         Code  Gb  DblToI32.o [3]
__aeabi_d2uiz            0x800'1501         Code  Gb  DblToI32.o [3]
__aeabi_dadd             0x800'1565         Code  Gb  DblAddSub.o [3]
__aeabi_ddiv             0x800'1777         Code  Gb  DblDiv.o [3]
__aeabi_dmul             0x800'12f5         Code  Gb  DblMul.o [3]
__aeabi_dsub             0x800'162b         Code  Gb  DblAddSub.o [3]
__aeabi_i2d              0x800'1551         Code  Gb  IxxToDbl.o [3]
__aeabi_idiv0            0x800'1849         Code  Gb  IntDivZer.o [4]
__aeabi_ldiv0            0x800'1845         Code  Gb  I64DivZer.o [4]
__aeabi_memcpy           0x800'1271         Code  Gb  ABImemcpy.o [4]
__aeabi_memcpy4          0x800'123d         Code  Gb  ABImemcpy.o [4]
__aeabi_memcpy8          0x800'123d         Code  Gb  ABImemcpy.o [4]
__aeabi_ui2d             0x800'1531         Code  Gb  IxxToDbl.o [3]
__aeabi_uldivmod         0x800'128b         Code  Gb  I64DivMod.o [4]
__cmain                  0x800'5c31         Code  Gb  cmain.o [4]
__exit                   0x800'184d   0x14  Code  Gb  exit.o [5]
__iar_Exp64              0x800'3aa5  0x3bc  Code  Gb  iar_Exp64.o [3]
__iar_Fail_s             0x800'11c5   0x22  Code  Gb  xfail_s.o [2]
__iar_Mbcurmax           0x800'1233    0xa  Code  Gb  xmbcurmax.o [2]
__iar_Memchr             0x800'121d         Code  Gb  memchr.o [4]
__iar_Memcpy             0x800'127d         Code  Gb  ABImemcpy.o [4]
__iar_Pow64              0x800'283d  0x6d4  Code  Lc  pow64.o [3]
__iar_Stdout            0x2000'00ec   0x48  Data  Gb  xfiles.o [2]
__iar_Strchr             0x800'11b1         Code  Gb  strchr.o [4]
__iar_d2uiz              0x800'1505         Code  Gb  DblToI32.o [3]
__iar_data_init3         0x800'5be9   0x28  Code  Gb  data_init.o [4]
__iar_globLocale        0x2000'00a4   0x48  Data  Lc  xlocale_c.o [2]
__iar_global_Locale      0x800'1125    0x4  Code  Gb  xlocale_c.o [2]
__iar_lz77_init_single3
                         0x800'10a7   0x7e  Code  Gb  lz77_init_single.o [4]
__iar_pow64              0x800'2f8d    0xc  Code  Gb  pow64.o [3]
__iar_pow_medium         0x800'2f8d    0xc  Code  Gb  pow64.o [3]
__iar_pow_medium64       0x800'2f8d    0xc  Code  Gb  pow64.o [3]
__iar_pow_mediuml        0x800'2f8d    0xc  Code  Gb  pow64.o [3]
__iar_program_start      0x800'5cdd         Code  Gb  cstartup_M.o [4]
__iar_small_Memset4_word
                         0x800'2f9d         Code  Gb  ABImemset_small.o [4]
__iar_small_Memset_word
                         0x800'2f9d         Code  Gb  ABImemset_small.o [4]
__iar_small_idiv         0x800'1719         Code  Gb  I32DivMod.o [4]
__iar_small_idivmod      0x800'1719         Code  Gb  I32DivMod.o [4]
__iar_small_memclr       0x800'2f99         Code  Gb  ABImemset_small.o [4]
__iar_small_memclr4      0x800'2f99         Code  Gb  ABImemset_small.o [4]
__iar_small_memclr8      0x800'2f99         Code  Gb  ABImemset_small.o [4]
__iar_small_memset       0x800'2f9d         Code  Gb  ABImemset_small.o [4]
__iar_small_memset4      0x800'2f9d         Code  Gb  ABImemset_small.o [4]
__iar_small_memset8      0x800'2f9d         Code  Gb  ABImemset_small.o [4]
__iar_small_uidiv        0x800'1741         Code  Gb  I32DivMod.o [4]
__iar_small_uidivmod     0x800'1741         Code  Gb  I32DivMod.o [4]
__iar_zero_init3         0x800'5631   0x3c  Code  Gb  zero_init3.o [4]
__low_level_init         0x800'5c4f    0x4  Code  Gb  low_level_init.o [2]
__vector_table           0x800'0000         Data  Gb  startup_stm32f030x8.o [1]
_call_main               0x800'5c3d         Code  Gb  cmain.o [4]
_exit                    0x800'5c5d         Code  Gb  cexit.o [4]
_gLocale_mblen           0x800'118d    0xa  Code  Gb  xlocale_c.o [2]
_gLocale_mblenInt        0x800'1151   0x34  Code  Gb  xlocale_c.o [2]
_gLocale_wctomb          0x800'1197    0xa  Code  Gb  xlocale_c.o [2]
_gLocale_wctombInt       0x800'1185    0x8  Code  Gb  xlocale_c.o [2]
_main                    0x800'5c4b         Code  Gb  cmain.o [4]
abort                    0x800'1839    0xa  Code  Gb  abort.o [2]
exit                     0x800'5c53    0x8  Code  Gb  exit.o [2]
fputc                    0x800'40fb   0x12  Code  Gb  main.o [1]
halRxBuffer             0x2000'0234  0x100  Data  Lc  sx1280_hal.o [1]
halTxBuffer             0x2000'0134  0x100  Data  Lc  sx1280_hal.o [1]
hspi2                   0x2000'03b8   0x64  Data  Gb  spi.o [1]
htim6                   0x2000'046c   0x48  Data  Gb  tim.o [1]
huart1                  0x2000'0334   0x84  Data  Gb  usart.o [1]
isMaster                0x2000'0004    0x1  Data  Gb  main.o [1]
lnbias                   0x800'5670  0x420  Data  Lc  pow64.o [3]
localeconv               0x800'11a1    0x4  Code  Gb  xlocale_c.o [2]
main                     0x800'3f21   0xcc  Code  Gb  main.o [1]
memchr                   0x800'121d         Code  Gb  memchr.o [4]
modulationParams        0x2000'04cc   0x10  Data  Gb  mode.o [1]
obuf                    0x2000'041c   0x50  Data  Lc  xfiles.o [2]
packetParams            0x2000'04b4   0x18  Data  Gb  mode.o [1]
pow                      0x800'2f8d    0xc  Code  Gb  pow64.o [3]
powl                     0x800'2f8d    0xc  Code  Gb  pow64.o [3]
printf                   0x800'4401   0x28  Code  Gb  printf.o [2]
putchar                  0x800'5c99   0x10  Code  Gb  putchar.o [2]
scale                    0x800'0939   0x44  Code  Lc  xprintffull.o [2]
sec_hand                0x2000'04e0    0x4  Data  Lc  xfail_s.o [2]
strchr                   0x800'11b1         Code  Gb  strchr.o [4]
strlen                   0x800'120d         Code  Gb  strlen.o [4]
uwTick                  0x2000'0050    0x4  Data  Gb  stm32f0xx_hal.o [1]
uwTickFreq              0x2000'004c    0x1  Data  Gb  stm32f0xx_hal.o [1]
uwTickPrio              0x2000'0054    0x4  Data  Gb  stm32f0xx_hal.o [1]


[1] = C:\Users\jikej\Desktop\SPI代码\SX1280V1\SX1280V0\EWARM\SPIV0.0\Obj
[2] = dl6M_tlf.a
[3] = m6M_tl.a
[4] = rt6M_tl.a
[5] = shb_l.a

  22 422 bytes of readonly  code memory
   1 523 bytes of readonly  data memory
   2 276 bytes of readwrite data memory

Errors: none
Warnings: none
